2026-08-28 11:19:56,590 | INFO | Model & Encoder loaded successfully
2026-08-28 11:20:01,135 | INFO | GET /docs | request_id=79a4e09d-b52c-42ab-8d03-6cdcf1106219 | time=0.0045s
2026-08-28 11:20:01,462 | INFO | GET /openapi.json | request_id=2bc12c9b-bf20-4b58-b849-09afcb833def | time=0.0518s
2026-08-28 11:20:11,508 | INFO | Prediction success | request_id=46a33ca3-78a8-4fa0-a9bb-8d132e202172 | result=setosa | confidence=0.53
2026-08-28 11:20:11,508 | INFO | POST /predict | request_id=46a33ca3-78a8-4fa0-a9bb-8d132e202172 | time=0.0648s
2026-08-28 11:20:49,748 | INFO | Model & Encoder loaded successfully
2026-08-28 11:20:58,222 | INFO | GET /docs | request_id=7af99cf7-b2c6-47be-8378-de042a6d583f | time=0.0053s
2026-08-28 11:20:58,284 | INFO | GET /openapi.json | request_id=cda1ddf1-eeab-4a16-b60d-40da57f29c57 | time=0.0133s
2026-08-28 11:21:03,063 | INFO | Prediction success | request_id=12fa7f68-ec7b-4911-935d-ab1fc18ffd76 | result=setosa | confidence=0.53
2026-08-28 11:21:03,063 | INFO | POST /predict | request_id=12fa7f68-ec7b-4911-935d-ab1fc18ffd76 | time=0.0632s
2026-08-28 11:21:46,091 | INFO | Prediction success | request_id=c9ee2b5d-444d-43e2-ac9a-0499c11fe6a3 | result=setosa | confidence=0.53
2026-08-28 11:21:46,091 | INFO | POST /predict | request_id=c9ee2b5d-444d-43e2-ac9a-0499c11fe6a3 | time=0.0221s
2026-08-28 11:22:26,732 | INFO | Model & Encoder loaded successfully
2026-08-28 11:22:55,300 | INFO | GET /docs | request_id=ce52aad4-d755-4caa-83d6-c79ef68c77ed | time=0.0013s
2026-08-28 11:22:55,466 | INFO | GET /openapi.json | request_id=930d2f49-30e9-497a-aeb1-9ee4d5b7a351 | time=0.0085s
2026-08-28 11:23:31,923 | INFO | Model & Encoder loaded successfully
2026-08-28 11:24:02,629 | INFO | Model & Encoder loaded successfully
2026-08-28 11:49:48,543 | INFO | GET /docs | request_id=829b5bc9-a01b-4e53-828d-6419a5eec07c | time=0.0000s
2026-08-28 11:49:48,601 | INFO | GET /openapi.json | request_id=b9ea802e-34d7-407f-aeb4-fdc5c288529b | time=0.0172s
2026-08-28 11:49:55,632 | INFO | Prediction success | request_id=0944ae39-333e-4f67-adbc-908c54d75ddb | result=setosa | confidence=0.53
2026-08-28 11:49:55,639 | INFO | POST /predict | request_id=0944ae39-333e-4f67-adbc-908c54d75ddb | time=0.0534s
2026-08-31 12:15:48,624 | INFO | Model & Encoder loaded successfully
2026-08-31 12:15:49,403 | INFO | GET /docs | request_id=b112d376-0ab2-4a8f-8f18-dcaa5e0423c3 | time=0.0000s
2026-08-31 12:15:49,549 | INFO | GET /openapi.json | request_id=a999fa43-7ac6-497c-b58c-a98c4a518886 | time=0.0096s
2026-08-31 12:15:57,550 | INFO | GET /api/v1/health | request_id=678b868e-d60e-4e7d-bd18-97b52a969aa8 | time=0.0050s
2026-08-31 12:16:17,203 | INFO | Prediction success | request_id=708643b7-df4d-4539-b508-d8db9e228198 | result=setosa | confidence=0.53
2026-08-31 12:16:17,211 | INFO | POST /api/v1/predict | request_id=708643b7-df4d-4539-b508-d8db9e228198 | time=0.0493s
2026-08-31 12:21:10,255 | INFO | POST /api/v1/predict | request_id=d2579047-b752-4fb7-a294-c1f34ea69ec1 | time=0.0011s
2026-08-31 12:21:28,285 | INFO | POST /api/v1/predict | request_id=5d8763ea-db6d-413c-acb5-081c42b8d43f | time=0.0044s
2026-08-31 15:03:44,043 | INFO | GET /docs | request_id=21df6021-9683-48bc-af58-b3d3a7c3d34a | time=0.0010s
2026-08-31 15:03:44,192 | INFO | GET /openapi.json | request_id=442793ae-dd12-41e7-9ef8-60c473370cd9 | time=0.0028s
2026-08-31 15:03:46,051 | INFO | GET /docs | request_id=75abf87d-a3b8-4403-8db4-ba460f3661cc | time=0.0010s
2026-08-31 15:03:46,093 | INFO | GET /openapi.json | request_id=a7c71769-c492-4b7b-a458-f435c5d95d71 | time=0.0010s
2026-08-31 15:19:37,167 | INFO | GET /docs | request_id=bb58bd46-80fd-4b96-a9ff-33e941377339 | time=0.0011s
2026-08-31 15:19:37,217 | INFO | GET /openapi.json | request_id=9571f1df-96af-4c21-8867-79005cfe2075 | time=0.0010s
2026-09-01 09:55:36,598 | INFO | Model & Encoder loaded successfully
2026-09-01 09:55:40,839 | INFO | GET /docs | request_id=68b7818f-8220-4b80-9832-e1c5e607a64b | time=0.0000s
2026-09-01 09:55:40,940 | INFO | GET /openapi.json | request_id=73d3f424-d1f9-4a3e-b2bd-f8ea0d93914c | time=0.0252s
2026-09-01 09:55:55,116 | INFO | GET /api/v1/model-info | request_id=803969d7-1e06-4e63-ac10-57a6d203bee7 | time=0.0025s
2026-09-01 09:56:09,832 | INFO | GET / | request_id=69df8d58-ba38-482d-9cfd-d91f5db31ce7 | time=0.0000s
2026-09-01 09:59:44,570 | INFO | Batch success | request_id=33bfdeb4-16cd-4c33-bfb8-202dc2ff80e7 | count=3
2026-09-01 09:59:44,578 | INFO | POST /api/v1/predict-batch | request_id=33bfdeb4-16cd-4c33-bfb8-202dc2ff80e7 | time=0.0865s
2026-09-01 12:29:56,138 | INFO | Batch success | request_id=50fe65a1-57da-48ac-84c8-9e1a27e28c5f | count=3
2026-09-01 12:29:56,145 | INFO | POST /api/v1/predict-batch | request_id=50fe65a1-57da-48ac-84c8-9e1a27e28c5f | time=0.0910s
2026-09-01 12:57:38,090 | INFO | POST /api/v1/predict-batch | request_id=d4ed6322-a844-451d-b842-bbae2b9f2841 | time=0.0051s
2026-09-01 14:20:12,398 | INFO | GET / | request_id=f183f28e-ace6-4551-9966-c9a7c8e98bfa | time=0.0000s
2026-09-02 10:59:31,366 | INFO | Model loaded from ml/saved_model/model.joblib
2026-09-02 10:59:37,491 | INFO | Model loaded from ml/saved_model/model.joblib
2026-09-02 10:59:49,320 | INFO | Model loaded from ml/saved_model/model.joblib
2026-09-02 11:00:08,289 | INFO | GET / | request_id=d998ed4e-856b-40bd-a607-3dad4e9109cd | time=0.0158s
2026-09-02 11:00:08,321 | INFO | GET /favicon.ico | request_id=76d98c39-fd24-406e-82ce-022443ec40e0 | time=0.0082s
2026-09-02 11:00:14,123 | INFO | GET /docs | request_id=23cc9f89-e6fd-4d48-93ac-fdcc7978a104 | time=0.0027s
2026-09-02 11:00:14,367 | INFO | GET /openapi.json | request_id=b700729a-5a0d-4f03-a546-4aff436e9ce7 | time=0.0641s
2026-09-02 11:01:47,979 | INFO | GET /api/v1/model-info | request_id=31a7e986-2636-41f2-aae9-0e825773878c | time=0.0056s
2026-09-02 11:02:25,738 | INFO | Prediction success | request_id=feb77685-c772-4d49-a002-33ddf519ba1f | result=setosa | confidence=1.0
2026-09-02 11:02:25,753 | INFO | POST /api/v1/predict | request_id=feb77685-c772-4d49-a002-33ddf519ba1f | time=0.2179s
2026-09-02 11:03:56,204 | INFO | Batch success | request_id=bfdba27c-744b-488b-8baf-0b9970e6406e | count=3
2026-09-02 11:03:56,207 | INFO | POST /api/v1/predict-batch | request_id=bfdba27c-744b-488b-8baf-0b9970e6406e | time=0.1154s
2026-09-02 11:06:25,687 | INFO | Model loaded from ml/saved_model/model.joblib
2026-09-02 11:06:43,053 | INFO | GET /docs | request_id=e9eb7143-ae63-4777-ac6a-3069d83359f7 | time=0.0032s
2026-09-02 11:06:43,279 | INFO | GET /openapi.json | request_id=015de015-d11c-4e0b-8cf0-fba23a4e84d1 | time=0.0510s
2026-09-02 11:06:57,250 | INFO | POST /api/v1/predict | request_id=72d3c031-01c7-4235-95ba-f42fc59ee47e | time=0.0167s
2026-09-02 11:07:27,426 | INFO | POST /api/v1/predict-batch | request_id=51de5461-c222-42af-9d56-97ae2178e429 | time=0.0074s
2026-09-02 11:39:51,835 | INFO | POST /api/v1/predict-batch | request_id=498916c0-87be-4296-8830-88657833d569 | time=0.0032s
2026-09-02 17:49:12,983 | INFO | POST /api/v1/predict-batch | request_id=6117d316-d8ac-41a2-a2ff-01cc9ee1f322 | time=0.0035s
2026-09-02 17:49:30,118 | INFO | Model loaded from ml/saved_model/model.joblib
2026-09-02 17:49:32,993 | INFO | GET /docs | request_id=d03502a7-e559-4ca7-b762-702d10403452 | time=0.0000s
2026-09-02 17:49:33,131 | INFO | GET /openapi.json | request_id=ae700b92-826f-4489-98e5-f2a1bcbe30ed | time=0.0354s
2026-09-02 17:50:25,250 | INFO | Batch success | request_id=51f5925d-d9ae-4cf5-93aa-5e2c1cf1df21 | count=3
2026-09-02 17:50:25,256 | INFO | POST /api/v1/predict-batch | request_id=51f5925d-d9ae-4cf5-93aa-5e2c1cf1df21 | time=0.0595s
2026-09-03 10:49:37,547 | INFO | GET /api/v1/health | request_id=ad505086-bcec-46c2-9f49-6e2c06dbcd4b | time=0.0036s
2026-09-03 10:54:27,683 | INFO | GET /api/v1/health | request_id=c077cf99-ffbe-4aea-842e-677619e1ffff | time=0.0015s
2026-09-03 10:54:27,694 | ERROR | Prediction failed | request_id=f2d57002-0847-4f24-ab0c-0085bde739c3 | error='State' object has no attribute 'model'
2026-09-03 10:54:27,700 | INFO | POST /api/v1/predict | request_id=f2d57002-0847-4f24-ab0c-0085bde739c3 | time=0.0057s
2026-09-03 11:00:07,622 | INFO | GET /api/v1/health | request_id=244e82fe-3111-4036-95b9-7a9f48ade457 | time=0.0000s
2026-09-03 11:00:07,680 | INFO | Prediction success | request_id=f343ba55-37d5-4ac4-b0da-23471e4c43ae | result=setosa | confidence=1.0
2026-09-03 11:00:07,682 | INFO | POST /api/v1/predict | request_id=f343ba55-37d5-4ac4-b0da-23471e4c43ae | time=0.0217s
2026-09-03 11:01:53,216 | INFO | GET /api/v1/health | request_id=0b46c375-ecb6-4e6c-a688-86037d5be358 | time=0.0063s
2026-09-03 11:01:53,277 | INFO | Prediction success | request_id=760ffbc2-fb15-4f9b-ad83-44fb4243e82d | result=setosa | confidence=1.0
2026-09-03 11:01:53,278 | INFO | POST /api/v1/predict | request_id=760ffbc2-fb15-4f9b-ad83-44fb4243e82d | time=0.0335s
2026-09-03 11:01:53,327 | INFO | POST /api/v1/predict | request_id=0363409b-0605-42ce-8a39-04df1000467f | time=0.0000s
2026-09-03 11:17:08,007 | INFO | Batch success | request_id=d7c690e9-3cef-46f8-9be6-48874b072ec2 | count=2
2026-09-03 11:17:08,010 | INFO | POST /api/v1/predict-batch | request_id=d7c690e9-3cef-46f8-9be6-48874b072ec2 | time=0.0275s
2026-09-03 11:17:08,041 | INFO | GET /api/v1/health | request_id=0bd89da4-98f5-4e3f-91f2-92856f4fcc64 | time=0.0000s
2026-09-03 11:17:08,075 | INFO | Prediction success | request_id=5558a7e6-8945-458f-8045-844f22e27796 | result=setosa | confidence=1.0
2026-09-03 11:17:08,075 | INFO | POST /api/v1/predict | request_id=5558a7e6-8945-458f-8045-844f22e27796 | time=0.0074s
2026-09-03 11:17:08,110 | INFO | POST /api/v1/predict | request_id=411fad9f-85f3-43e9-8234-e2e5f6ead0ca | time=0.0028s
2026-09-03 11:19:31,330 | INFO | Batch success | request_id=78e20e29-b0d6-4b44-9bbc-debb4923aa54 | count=2
2026-09-03 11:19:31,330 | INFO | POST /api/v1/predict-batch | request_id=78e20e29-b0d6-4b44-9bbc-debb4923aa54 | time=0.0164s
2026-09-03 11:19:31,370 | INFO | GET /api/v1/health | request_id=2d6018e3-6583-4ca0-8a75-ab494ead85ea | time=0.0000s
2026-09-03 11:19:31,406 | INFO | Prediction success | request_id=48d149a2-5fee-4879-a036-3554ec0e1b05 | result=setosa | confidence=1.0
2026-09-03 11:19:31,406 | INFO | POST /api/v1/predict | request_id=48d149a2-5fee-4879-a036-3554ec0e1b05 | time=0.0104s
2026-09-03 11:19:31,430 | INFO | POST /api/v1/predict | request_id=6af9b230-ad4f-45fb-a0f3-44fff1155399 | time=0.0014s
2026-09-04 16:21:30,544 | INFO | Model loaded from ml/saved_model/model.joblib
2026-09-04 16:21:31,057 | INFO | GET /docs | request_id=51f685d7-f778-43df-af51-ac431909812a | time=0.0157s
2026-09-04 16:21:31,278 | INFO | GET /openapi.json | request_id=514e6e26-65b8-4a77-9299-93eb27342966 | time=0.0653s
2026-09-04 16:21:52,082 | INFO | Prediction success | request_id=200170db-8658-4954-b704-3c73e2686aac | result=setosa | confidence=0.53
2026-09-04 16:21:52,089 | INFO | POST /api/v1/predict | request_id=200170db-8658-4954-b704-3c73e2686aac | time=0.0595s
2026-09-04 16:22:16,986 | INFO | V2 Prediction success | request_id=8dbb1066-92d5-42bf-937a-0ff0bb35e580
2026-09-04 16:22:16,988 | INFO | POST /api/v2/predict | request_id=8dbb1066-92d5-42bf-937a-0ff0bb35e580 | time=0.0287s
2026-09-04 16:22:59,805 | INFO | V2 Prediction success | request_id=799c7d93-c944-4478-abc7-dd20f9620680
2026-09-04 16:22:59,805 | INFO | POST /api/v2/predict | request_id=799c7d93-c944-4478-abc7-dd20f9620680 | time=0.0206s
2026-09-04 16:26:34,393 | INFO | Model loaded from ml/saved_model/model.joblib
2026-09-04 16:26:52,537 | INFO | Batch success | request_id=ed426b70-0f59-4e6d-bb90-13160abb3fd4 | count=2
2026-09-04 16:26:52,537 | INFO | POST /api/v1/predict-batch | request_id=ed426b70-0f59-4e6d-bb90-13160abb3fd4 | time=0.0070s
2026-09-04 16:26:52,587 | INFO | GET /api/v1/health | request_id=829995c2-9ff8-4769-8f9d-ede89c67736e | time=0.0101s
2026-09-04 16:26:52,612 | INFO | Prediction success | request_id=0018fcae-9f3e-4f42-9a17-30fbbd2397c6 | result=setosa | confidence=1.0
2026-09-04 16:26:52,614 | INFO | POST /api/v1/predict | request_id=0018fcae-9f3e-4f42-9a17-30fbbd2397c6 | time=0.0100s
2026-09-04 16:26:52,631 | INFO | POST /api/v1/predict | request_id=deebae08-c150-4d82-b492-6c1b9789680a | time=0.0010s
2026-09-04 16:26:52,654 | INFO | Prediction success | request_id=0341bc69-ee02-41c7-95bb-7d84d0f4357f | result=setosa | confidence=1.0
2026-09-04 16:26:52,654 | INFO | POST /api/v1/predict | request_id=0341bc69-ee02-41c7-95bb-7d84d0f4357f | time=0.0072s
2026-09-04 16:26:52,670 | INFO | V2 Prediction success | request_id=838f09af-02ea-4ee7-a110-3b5dfbb028a2
2026-09-04 16:26:52,670 | INFO | POST /api/v2/predict | request_id=838f09af-02ea-4ee7-a110-3b5dfbb028a2 | time=0.0161s
2026-09-04 16:36:24,706 | INFO | Model loaded from ml/saved_model/model.joblib
2026-09-04 16:36:33,830 | INFO | GET /docs | request_id=13e96b93-808a-49da-8d45-74806a6b251b | time=0.0000s
2026-09-04 16:36:34,045 | INFO | GET /openapi.json | request_id=abad5f76-1283-402f-b5f5-1ed2165fe041 | time=0.0136s
2026-09-04 16:36:42,510 | INFO | Prediction success | request_id=166bfe86-f66b-4f6f-9719-2dc51caec046 | result=setosa | confidence=0.53
2026-09-04 16:36:42,510 | INFO | POST /api/v1/predict | request_id=166bfe86-f66b-4f6f-9719-2dc51caec046 | time=0.0545s
2026-09-04 16:37:00,505 | INFO | GET /api/v1/health | request_id=9fff1411-e59c-4b15-bac4-29a29eb2465f | time=0.0010s
2026-09-04 16:37:12,591 | INFO | GET / | request_id=4d768318-2742-468b-825b-a4828e4da879 | time=0.0000s
2026-09-09 11:06:47,920 | INFO | Model loaded from ml/saved_model/model.joblib
2026-09-09 11:07:15,472 | INFO | GET /docs | request_id=11ed6405-0230-4cd0-8298-5ce980141fe4 | time=0.0000s
2026-09-09 11:07:15,653 | INFO | GET /openapi.json | request_id=21745b33-41e8-4478-b3ce-52d6b3673975 | time=0.0153s
2026-09-09 11:41:01,439 | INFO | Prediction success | request_id=e50c54b0-9e87-40c6-bba0-605849ae6a9b | result=setosa | confidence=0.52
2026-09-09 11:41:01,439 | INFO | POST /api/v1/predict | request_id=e50c54b0-9e87-40c6-bba0-605849ae6a9b | time=0.0635s
2026-09-09 11:46:47,974 | INFO | Model loaded from ml/saved_model/model.joblib
2026-09-09 11:47:20,130 | INFO | Model loaded from ml/saved_model/model.joblib
2026-09-09 11:47:30,166 | INFO | GET /docs | request_id=d7602434-6b73-4a90-8614-788e1a386528 | time=0.0000s
2026-09-09 11:47:30,348 | INFO | GET /openapi.json | request_id=377db35f-1eea-4d18-85f4-a8f402162576 | time=0.0160s
2026-09-09 11:47:31,815 | INFO | GET /docs | request_id=bbdd47b2-22b3-447d-9805-991fada8a625 | time=0.0007s
2026-09-09 11:47:31,861 | INFO | GET /openapi.json | request_id=70a05d9b-7a95-447c-8bbc-5c3c6d2dab1a | time=0.0027s
2026-09-09 11:47:46,172 | INFO | POST /api/v1/predict | request_id=5b5e2d99-dbd5-4693-9892-3bb405ad95af | time=0.0040s
2026-09-09 11:48:11,770 | INFO | Prediction success | request_id=5e093bae-0d1c-4c78-a982-d4f0ed90a0d2 | result=setosa | confidence=0.52
2026-09-09 11:48:11,770 | INFO | POST /api/v1/predict | request_id=5e093bae-0d1c-4c78-a982-d4f0ed90a0d2 | time=0.0450s
2026-09-09 11:49:28,555 | INFO | POST /api/v1/predict | request_id=917c09e6-fcc1-47c4-aaae-37a2f55b360e | time=0.0000s
2026-09-09 11:50:45,209 | INFO | POST /api/v1/predict | request_id=84c31b87-28b6-4179-a64f-69985babbbbd | time=0.0015s
2026-09-09 11:50:57,398 | INFO | POST /api/v2/predict | request_id=83f18474-63e8-4959-b456-59f217f2490b | time=0.0014s
2026-09-09 12:49:03,062 | INFO | GET /docs | request_id=58987d27-19d7-4449-aca3-bed389367dcc | time=0.0000s
2026-09-09 12:49:03,135 | INFO | GET /openapi.json | request_id=8b83f9dd-9558-4ad9-9fa7-b598d6717feb | time=0.0000s
2026-09-09 12:49:20,075 | INFO | POST /api/v1/predict | request_id=3e400f0c-7de7-4d4c-ad9b-770c82a71e26 | time=0.0020s
2026-09-09 12:49:38,287 | INFO | POST /api/v1/predict | request_id=2e1ae04f-47b4-4b4f-b2cc-be7bf3cd7808 | time=0.0018s
2026-09-09 12:51:57,174 | INFO | Prediction success | request_id=2d5ea334-9914-46d3-b6cb-cc4c56003f4b | result=setosa | confidence=0.52
2026-09-09 12:51:57,174 | INFO | POST /api/v1/predict | request_id=2d5ea334-9914-46d3-b6cb-cc4c56003f4b | time=0.0163s
2026-09-09 12:55:01,252 | INFO | Model loaded from ml/saved_model/model.joblib
2026-09-15 15:21:14,443 | INFO | Model loaded from ml/saved_model/model.joblib
2026-09-15 15:21:19,511 | INFO | GET /docs | request_id=f011d45d-eb7a-43fe-8b23-99dfc4ff8605 | time=0.0117s
2026-09-15 15:21:21,061 | INFO | GET /openapi.json | request_id=539ac874-c753-4fb7-aa80-9e447328ad95 | time=0.0434s
2026-09-15 15:21:25,658 | INFO | GET /metrics | request_id=3421fbe2-5fbf-43b4-8631-ffb74ff3c366 | time=0.0107s
2026-09-15 15:21:25,699 | INFO | GET /favicon.ico | request_id=a255f2ba-0430-4216-af82-e0c9ba7e57fe | time=0.0025s
2026-09-15 15:22:28,609 | INFO | GET /metrics | request_id=bbbd8316-e19a-4fab-87a9-92e855c4c308 | time=0.0008s
2026-09-15 15:23:04,892 | INFO | Prediction success | request_id=55facdd8-aece-4880-a715-0fdddf6c1633 | result=setosa | confidence=0.52
2026-09-15 15:23:04,900 | INFO | POST /api/v1/predict | request_id=55facdd8-aece-4880-a715-0fdddf6c1633 | time=0.1755s
2026-09-15 15:23:06,999 | INFO | Prediction success | request_id=cead7fa4-cb43-4b08-9ef1-8429069bddc7 | result=setosa | confidence=0.52
2026-09-15 15:23:07,008 | INFO | POST /api/v1/predict | request_id=cead7fa4-cb43-4b08-9ef1-8429069bddc7 | time=0.0929s
2026-09-15 15:23:09,074 | INFO | Prediction success | request_id=711acff0-ec3d-4a59-ac41-e8096ef30058 | result=setosa | confidence=0.52
2026-09-15 15:23:09,074 | INFO | POST /api/v1/predict | request_id=711acff0-ec3d-4a59-ac41-e8096ef30058 | time=0.0845s
2026-09-15 15:23:09,798 | INFO | Prediction success | request_id=a0b7594b-cadf-4425-8495-72e718b719bf | result=setosa | confidence=0.52
2026-09-15 15:23:09,798 | INFO | POST /api/v1/predict | request_id=a0b7594b-cadf-4425-8495-72e718b719bf | time=0.0912s
2026-09-15 15:23:10,357 | INFO | Prediction success | request_id=e3bd614a-5f3e-47a7-bd7f-f36bfcc3c74e | result=setosa | confidence=0.52
2026-09-15 15:23:10,365 | INFO | POST /api/v1/predict | request_id=e3bd614a-5f3e-47a7-bd7f-f36bfcc3c74e | time=0.0825s
2026-09-15 15:23:14,242 | INFO | GET /metrics | request_id=39feba45-6ae5-4d45-affd-ac0faee91899 | time=0.0029s
2026-09-15 15:52:59,186 | INFO | Model loaded from ml/saved_model/model.joblib
2026-09-15 15:53:19,355 | INFO | Model loaded from ml/saved_model/model.joblib
2026-09-15 15:54:53,647 | INFO | Model loaded from ml/saved_model/model.joblib
2026-09-15 15:55:49,226 | INFO | Model loaded from ml/saved_model/model.joblib
2026-09-15 16:21:54,705 | INFO | Model loaded from ml/saved_model/model.joblib
2026-09-15 16:22:05,657 | INFO | Model loaded from ml/saved_model/model.joblib
2026-09-15 16:27:25,964 | INFO | GET /docs | request_id=849f3461-004b-4a68-9809-c59fafa2edf4 | time=0.0091s
2026-09-15 16:27:26,338 | INFO | GET /openapi.json | request_id=18e2dce5-a26b-442e-bdeb-e3d6c3f922aa | time=0.0596s
2026-09-15 16:27:35,420 | INFO | POST /api/v1/predict | request_id=a426c528-d2cd-4655-b43e-3313d241e75c | time=0.0075s
2026-09-15 16:27:47,814 | INFO | Prediction success | request_id=e3ff68a2-c452-4798-a729-ccc3e4de016b | result=setosa | confidence=0.52
2026-09-15 16:27:47,832 | INFO | POST /api/v1/predict | request_id=e3ff68a2-c452-4798-a729-ccc3e4de016b | time=0.2361s
2026-09-15 16:27:49,939 | INFO | Prediction success | request_id=a2c84fe4-3397-46b9-a677-0df6c5c67730 | result=setosa | confidence=0.52
2026-09-15 16:27:49,948 | INFO | POST /api/v1/predict | request_id=a2c84fe4-3397-46b9-a677-0df6c5c67730 | time=0.0924s
2026-09-15 16:27:50,705 | INFO | Prediction success | request_id=39c6afe9-0fd4-4de1-bc5e-a75599f1144a | result=setosa | confidence=0.52
2026-09-15 16:27:50,705 | INFO | POST /api/v1/predict | request_id=39c6afe9-0fd4-4de1-bc5e-a75599f1144a | time=0.0837s
2026-09-15 16:27:51,506 | INFO | Prediction success | request_id=e6d1ba59-e4cb-4b9d-9583-778448e104c5 | result=setosa | confidence=0.52
2026-09-15 16:27:51,506 | INFO | POST /api/v1/predict | request_id=e6d1ba59-e4cb-4b9d-9583-778448e104c5 | time=0.0929s
2026-09-15 16:27:51,805 | INFO | Prediction success | request_id=340d1e8a-6b4d-4c04-a8ae-ba8fa3b19622 | result=setosa | confidence=0.52
2026-09-15 16:27:51,805 | INFO | POST /api/v1/predict | request_id=340d1e8a-6b4d-4c04-a8ae-ba8fa3b19622 | time=0.0789s
2026-09-15 16:27:51,972 | INFO | Prediction success | request_id=1515051b-d5bf-4d2d-891c-5302e78360ac | result=setosa | confidence=0.52
2026-09-15 16:27:51,972 | INFO | POST /api/v1/predict | request_id=1515051b-d5bf-4d2d-891c-5302e78360ac | time=0.0912s
2026-09-15 16:27:52,130 | INFO | Prediction success | request_id=52345691-3c64-420e-b1ac-db03f73703cd | result=setosa | confidence=0.52
2026-09-15 16:27:52,139 | INFO | POST /api/v1/predict | request_id=52345691-3c64-420e-b1ac-db03f73703cd | time=0.0900s
2026-09-15 16:27:52,747 | INFO | Prediction success | request_id=eeaa672e-955e-49e7-8df9-030908132107 | result=setosa | confidence=0.52
2026-09-15 16:27:52,747 | INFO | POST /api/v1/predict | request_id=eeaa672e-955e-49e7-8df9-030908132107 | time=0.3314s
2026-09-15 16:27:52,988 | INFO | Prediction success | request_id=e1917d0c-0813-420b-8fc3-4098fc8adfd9 | result=setosa | confidence=0.52
2026-09-15 16:27:52,988 | INFO | POST /api/v1/predict | request_id=e1917d0c-0813-420b-8fc3-4098fc8adfd9 | time=0.0799s
2026-09-15 16:27:53,513 | INFO | Prediction success | request_id=c9aa73e0-9752-4635-ade5-7646c47afedf | result=setosa | confidence=0.52
2026-09-15 16:27:53,513 | INFO | POST /api/v1/predict | request_id=c9aa73e0-9752-4635-ade5-7646c47afedf | time=0.0838s
2026-09-15 16:27:54,113 | INFO | Prediction success | request_id=cae06c65-588f-4ab0-bd43-7f191a24ce01 | result=setosa | confidence=0.52
2026-09-15 16:27:54,113 | INFO | POST /api/v1/predict | request_id=cae06c65-588f-4ab0-bd43-7f191a24ce01 | time=0.0831s
2026-09-15 16:27:54,829 | INFO | Prediction success | request_id=64c01074-c4c7-4ec7-a1e5-05b94d53b30b | result=setosa | confidence=0.52
2026-09-15 16:27:54,829 | INFO | POST /api/v1/predict | request_id=64c01074-c4c7-4ec7-a1e5-05b94d53b30b | time=0.0918s
2026-09-15 16:27:55,462 | INFO | Prediction success | request_id=ee422445-db20-4fde-9c27-bcccc67223e2 | result=setosa | confidence=0.52
2026-09-15 16:27:55,471 | INFO | POST /api/v1/predict | request_id=ee422445-db20-4fde-9c27-bcccc67223e2 | time=0.0894s
2026-09-15 16:27:56,079 | INFO | Prediction success | request_id=4a2883eb-be41-4207-b74b-4a9f4403b66e | result=setosa | confidence=0.52
2026-09-15 16:27:56,079 | INFO | POST /api/v1/predict | request_id=4a2883eb-be41-4207-b74b-4a9f4403b66e | time=0.0998s
2026-09-15 16:27:56,646 | INFO | Prediction success | request_id=2eb21c1c-26e1-41c3-abae-da16f1ca2aa0 | result=setosa | confidence=0.52
2026-09-15 16:27:56,646 | INFO | POST /api/v1/predict | request_id=2eb21c1c-26e1-41c3-abae-da16f1ca2aa0 | time=0.0964s
2026-09-15 16:27:57,321 | INFO | Prediction success | request_id=3d8a35ad-d4c9-404c-8e89-11c3ab33dff3 | result=setosa | confidence=0.52
2026-09-15 16:27:57,340 | INFO | POST /api/v1/predict | request_id=3d8a35ad-d4c9-404c-8e89-11c3ab33dff3 | time=0.1608s
2026-09-15 16:29:19,196 | INFO | GET /metrics | request_id=121cc034-6704-4941-b198-a61bbd4ca783 | time=0.0097s
2026-09-15 16:30:10,947 | INFO | Prediction success | request_id=b3faa253-84e4-465f-b44c-9e64e3ebd0af | result=setosa | confidence=0.52
2026-09-15 16:30:10,953 | INFO | POST /api/v1/predict | request_id=b3faa253-84e4-465f-b44c-9e64e3ebd0af | time=0.0781s
2026-09-15 16:30:11,812 | INFO | Prediction success | request_id=dcec36a3-23ac-4c3e-bd7a-6d73a5ab4503 | result=setosa | confidence=0.52
2026-09-15 16:30:11,812 | INFO | POST /api/v1/predict | request_id=dcec36a3-23ac-4c3e-bd7a-6d73a5ab4503 | time=0.0922s
